I0625 18:29:17.075975   157 net.cpp:320] res5.2.conv2/relu needs backward computation.
I0625 18:29:17.075978   157 net.cpp:320] res5.2.conv2/bn needs backward computation.
I0625 18:29:17.075981   157 net.cpp:320] res5.2.conv2 needs backward computation.
I0625 18:29:17.075984   157 net.cpp:320] res5.2.conv1/relu needs backward computation.
I0625 18:29:17.075989   157 net.cpp:320] res5.2.conv1/bn needs backward computation.
I0625 18:29:17.075991   157 net.cpp:320] res5.2.conv1 needs backward computation.
I0625 18:29:17.075994   157 net.cpp:320] res5.1.sum_res5.1.relu_0_split needs backward computation.
I0625 18:29:17.075997   157 net.cpp:320] res5.1.relu needs backward computation.
I0625 18:29:17.076001   157 net.cpp:320] res5.1.sum needs backward computation.
I0625 18:29:17.076005   157 net.cpp:320] res5.1.skipConv/bn needs backward computation.
I0625 18:29:17.076011   157 net.cpp:320] res5.1.skipConv needs backward computation.
I0625 18:29:17.076014   157 net.cpp:320] res5.1.conv3/bn needs backward computation.
I0625 18:29:17.076021   157 net.cpp:320] res5.1.conv3 needs backward computation.
I0625 18:29:17.076025   157 net.cpp:320] res5.1.conv2/relu needs backward computation.
I0625 18:29:17.076030   157 net.cpp:320] res5.1.conv2/bn needs backward computation.
I0625 18:29:17.076032   157 net.cpp:320] res5.1.conv2 needs backward computation.
I0625 18:29:17.076036   157 net.cpp:320] res5.1.conv1/relu needs backward computation.
I0625 18:29:17.076038   157 net.cpp:320] res5.1.conv1/bn needs backward computation.
I0625 18:29:17.076042   157 net.cpp:320] res5.1.conv1 needs backward computation.
I0625 18:29:17.076045   157 net.cpp:320] res4.6.sum_res4.6.relu_0_split needs backward computation.
I0625 18:29:17.076050   157 net.cpp:320] res4.6.relu needs backward computation.
I0625 18:29:17.076052   157 net.cpp:320] res4.6.sum needs backward computation.
I0625 18:29:17.076056   157 net.cpp:320] res4.6.conv3/bn needs backward computation.
I0625 18:29:17.076058   157 net.cpp:320] res4.6.conv3 needs backward computation.
I0625 18:29:17.076063   157 net.cpp:320] res4.6.conv2/relu needs backward computation.
I0625 18:29:17.076067   157 net.cpp:320] res4.6.conv2/bn needs backward computation.
I0625 18:29:17.076071   157 net.cpp:320] res4.6.conv2 needs backward computation.
I0625 18:29:17.076073   157 net.cpp:320] res4.6.conv1/relu needs backward computation.
I0625 18:29:17.076077   157 net.cpp:320] res4.6.conv1/bn needs backward computation.
I0625 18:29:17.076081   157 net.cpp:320] res4.6.conv1 needs backward computation.
I0625 18:29:17.076083   157 net.cpp:320] res4.5.sum_res4.5.relu_0_split needs backward computation.
I0625 18:29:17.076086   157 net.cpp:320] res4.5.relu needs backward computation.
I0625 18:29:17.076097   157 net.cpp:320] res4.5.sum needs backward computation.
I0625 18:29:17.076102   157 net.cpp:320] res4.5.conv3/bn needs backward computation.
I0625 18:29:17.076105   157 net.cpp:320] res4.5.conv3 needs backward computation.
I0625 18:29:17.076109   157 net.cpp:320] res4.5.conv2/relu needs backward computation.
I0625 18:29:17.076113   157 net.cpp:320] res4.5.conv2/bn needs backward computation.
I0625 18:29:17.076117   157 net.cpp:320] res4.5.conv2 needs backward computation.
I0625 18:29:17.076119   157 net.cpp:320] res4.5.conv1/relu needs backward computation.
I0625 18:29:17.076123   157 net.cpp:320] res4.5.conv1/bn needs backward computation.
I0625 18:29:17.076128   157 net.cpp:320] res4.5.conv1 needs backward computation.
I0625 18:29:17.076131   157 net.cpp:320] res4.4.sum_res4.4.relu_0_split needs backward computation.
I0625 18:29:17.076135   157 net.cpp:320] res4.4.relu needs backward computation.
I0625 18:29:17.076138   157 net.cpp:320] res4.4.sum needs backward computation.
I0625 18:29:17.076144   157 net.cpp:320] res4.4.conv3/bn needs backward computation.
I0625 18:29:17.076148   157 net.cpp:320] res4.4.conv3 needs backward computation.
I0625 18:29:17.076153   157 net.cpp:320] res4.4.conv2/relu needs backward computation.
I0625 18:29:17.076155   157 net.cpp:320] res4.4.conv2/bn needs backward computation.
I0625 18:29:17.076159   157 net.cpp:320] res4.4.conv2 needs backward computation.
I0625 18:29:17.076161   157 net.cpp:320] res4.4.conv1/relu needs backward computation.
I0625 18:29:17.076165   157 net.cpp:320] res4.4.conv1/bn needs backward computation.
I0625 18:29:17.076169   157 net.cpp:320] res4.4.conv1 needs backward computation.
I0625 18:29:17.076174   157 net.cpp:320] res4.3.sum_res4.3.relu_0_split needs backward computation.
I0625 18:29:17.076177   157 net.cpp:320] res4.3.relu needs backward computation.
I0625 18:29:17.076180   157 net.cpp:320] res4.3.sum needs backward computation.
I0625 18:29:17.076184   157 net.cpp:320] res4.3.conv3/bn needs backward computation.
I0625 18:29:17.076189   157 net.cpp:320] res4.3.conv3 needs backward computation.
I0625 18:29:17.076192   157 net.cpp:320] res4.3.conv2/relu needs backward computation.
I0625 18:29:17.076195   157 net.cpp:320] res4.3.conv2/bn needs backward computation.
I0625 18:29:17.076198   157 net.cpp:320] res4.3.conv2 needs backward computation.
I0625 18:29:17.076202   157 net.cpp:320] res4.3.conv1/relu needs backward computation.
I0625 18:29:17.076205   157 net.cpp:320] res4.3.conv1/bn needs backward computation.
I0625 18:29:17.076208   157 net.cpp:320] res4.3.conv1 needs backward computation.
I0625 18:29:17.076212   157 net.cpp:320] res4.2.sum_res4.2.relu_0_split needs backward computation.
I0625 18:29:17.076217   157 net.cpp:320] res4.2.relu needs backward computation.
I0625 18:29:17.076220   157 net.cpp:320] res4.2.sum needs backward computation.
I0625 18:29:17.076225   157 net.cpp:320] res4.2.conv3/bn needs backward computation.
I0625 18:29:17.076231   157 net.cpp:320] res4.2.conv3 needs backward computation.
I0625 18:29:17.076236   157 net.cpp:320] res4.2.conv2/relu needs backward computation.
I0625 18:29:17.076238   157 net.cpp:320] res4.2.conv2/bn needs backward computation.
I0625 18:29:17.076241   157 net.cpp:320] res4.2.conv2 needs backward computation.
I0625 18:29:17.076244   157 net.cpp:320] res4.2.conv1/relu needs backward computation.
I0625 18:29:17.076248   157 net.cpp:320] res4.2.conv1/bn needs backward computation.
I0625 18:29:17.076251   157 net.cpp:320] res4.2.conv1 needs backward computation.
I0625 18:29:17.076254   157 net.cpp:320] res4.1.sum_res4.1.relu_0_split needs backward computation.
I0625 18:29:17.076259   157 net.cpp:320] res4.1.relu needs backward computation.
I0625 18:29:17.076263   157 net.cpp:320] res4.1.sum needs backward computation.
I0625 18:29:17.076267   157 net.cpp:320] res4.1.skipConv/bn needs backward computation.
I0625 18:29:17.076272   157 net.cpp:320] res4.1.skipConv needs backward computation.
I0625 18:29:17.076277   157 net.cpp:320] res4.1.conv3/bn needs backward computation.
I0625 18:29:17.076280   157 net.cpp:320] res4.1.conv3 needs backward computation.
I0625 18:29:17.076290   157 net.cpp:320] res4.1.conv2/relu needs backward computation.
I0625 18:29:17.076293   157 net.cpp:320] res4.1.conv2/bn needs backward computation.
I0625 18:29:17.076297   157 net.cpp:320] res4.1.conv2 needs backward computation.
I0625 18:29:17.076300   157 net.cpp:320] res4.1.conv1/relu needs backward computation.
I0625 18:29:17.076303   157 net.cpp:320] res4.1.conv1/bn needs backward computation.
I0625 18:29:17.076306   157 net.cpp:320] res4.1.conv1 needs backward computation.
I0625 18:29:17.076310   157 net.cpp:320] res3.4.sum_res3.4.relu_0_split needs backward computation.
I0625 18:29:17.076316   157 net.cpp:320] res3.4.relu needs backward computation.
I0625 18:29:17.076319   157 net.cpp:320] res3.4.sum needs backward computation.
I0625 18:29:17.076323   157 net.cpp:320] res3.4.conv3/bn needs backward computation.
I0625 18:29:17.076326   157 net.cpp:320] res3.4.conv3 needs backward computation.
I0625 18:29:17.076329   157 net.cpp:320] res3.4.conv2/relu needs backward computation.
I0625 18:29:17.076335   157 net.cpp:320] res3.4.conv2/bn needs backward computation.
I0625 18:29:17.076339   157 net.cpp:320] res3.4.conv2 needs backward computation.
I0625 18:29:17.076341   157 net.cpp:320] res3.4.conv1/relu needs backward computation.
I0625 18:29:17.076345   157 net.cpp:320] res3.4.conv1/bn needs backward computation.
I0625 18:29:17.076351   157 net.cpp:320] res3.4.conv1 needs backward computation.
I0625 18:29:17.076356   157 net.cpp:320] res3.3.sum_res3.3.relu_0_split needs backward computation.
I0625 18:29:17.076360   157 net.cpp:320] res3.3.relu needs backward computation.
I0625 18:29:17.076364   157 net.cpp:320] res3.3.sum needs backward computation.
I0625 18:29:17.076369   157 net.cpp:320] res3.3.conv3/bn needs backward computation.
I0625 18:29:17.076371   157 net.cpp:320] res3.3.conv3 needs backward computation.
I0625 18:29:17.076375   157 net.cpp:320] res3.3.conv2/relu needs backward computation.
I0625 18:29:17.076380   157 net.cpp:320] res3.3.conv2/bn needs backward computation.
I0625 18:29:17.076383   157 net.cpp:320] res3.3.conv2 needs backward computation.
I0625 18:29:17.076386   157 net.cpp:320] res3.3.conv1/relu needs backward computation.
I0625 18:29:17.076390   157 net.cpp:320] res3.3.conv1/bn needs backward computation.
I0625 18:29:17.076393   157 net.cpp:320] res3.3.conv1 needs backward computation.
I0625 18:29:17.076396   157 net.cpp:320] res3.2.sum_res3.2.relu_0_split needs backward computation.
I0625 18:29:17.076400   157 net.cpp:320] res3.2.relu needs backward computation.
I0625 18:29:17.076403   157 net.cpp:320] res3.2.sum needs backward computation.
I0625 18:29:17.076408   157 net.cpp:320] res3.2.conv3/bn needs backward computation.
I0625 18:29:17.076411   157 net.cpp:320] res3.2.conv3 needs backward computation.
I0625 18:29:17.076414   157 net.cpp:320] res3.2.conv2/relu needs backward computation.
I0625 18:29:17.076417   157 net.cpp:320] res3.2.conv2/bn needs backward computation.
I0625 18:29:17.076421   157 net.cpp:320] res3.2.conv2 needs backward computation.
I0625 18:29:17.076424   157 net.cpp:320] res3.2.conv1/relu needs backward computation.
I0625 18:29:17.076429   157 net.cpp:320] res3.2.conv1/bn needs backward computation.
I0625 18:29:17.076432   157 net.cpp:320] res3.2.conv1 needs backward computation.
I0625 18:29:17.076436   157 net.cpp:320] res3.1.sum_res3.1.relu_0_split needs backward computation.
I0625 18:29:17.076439   157 net.cpp:320] res3.1.relu needs backward computation.
I0625 18:29:17.076442   157 net.cpp:320] res3.1.sum needs backward computation.
I0625 18:29:17.076448   157 net.cpp:320] res3.1.skipConv/bn needs backward computation.
I0625 18:29:17.076453   157 net.cpp:320] res3.1.skipConv needs backward computation.
I0625 18:29:17.076457   157 net.cpp:320] res3.1.conv3/bn needs backward computation.
I0625 18:29:17.076460   157 net.cpp:320] res3.1.conv3 needs backward computation.
I0625 18:29:17.076463   157 net.cpp:320] res3.1.conv2/relu needs backward computation.
I0625 18:29:17.076469   157 net.cpp:320] res3.1.conv2/bn needs backward computation.
I0625 18:29:17.076478   157 net.cpp:320] res3.1.conv2 needs backward computation.
I0625 18:29:17.076483   157 net.cpp:320] res3.1.conv1/relu needs backward computation.
I0625 18:29:17.076485   157 net.cpp:320] res3.1.conv1/bn needs backward computation.
I0625 18:29:17.076490   157 net.cpp:320] res3.1.conv1 needs backward computation.
I0625 18:29:17.076494   157 net.cpp:320] res2.3.sum_res2.3.relu_0_split needs backward computation.
I0625 18:29:17.076498   157 net.cpp:320] res2.3.relu needs backward computation.
I0625 18:29:17.076501   157 net.cpp:320] res2.3.sum needs backward computation.
I0625 18:29:17.076505   157 net.cpp:320] res2.3.conv3/bn needs backward computation.
I0625 18:29:17.076510   157 net.cpp:320] res2.3.conv3 needs backward computation.
I0625 18:29:17.076514   157 net.cpp:320] res2.3.conv2/relu needs backward computation.
I0625 18:29:17.076517   157 net.cpp:320] res2.3.conv2/bn needs backward computation.
I0625 18:29:17.076520   157 net.cpp:320] res2.3.conv2 needs backward computation.
I0625 18:29:17.076524   157 net.cpp:320] res2.3.conv1/relu needs backward computation.
I0625 18:29:17.076526   157 net.cpp:320] res2.3.conv1/bn needs backward computation.
I0625 18:29:17.076530   157 net.cpp:320] res2.3.conv1 needs backward computation.
I0625 18:29:17.076536   157 net.cpp:320] res2.2.sum_res2.2.relu_0_split needs backward computation.
I0625 18:29:17.076539   157 net.cpp:320] res2.2.relu needs backward computation.
I0625 18:29:17.076542   157 net.cpp:320] res2.2.sum needs backward computation.
I0625 18:29:17.076545   157 net.cpp:320] res2.2.conv3/bn needs backward computation.
I0625 18:29:17.076550   157 net.cpp:320] res2.2.conv3 needs backward computation.
I0625 18:29:17.076552   157 net.cpp:320] res2.2.conv2/relu needs backward computation.
I0625 18:29:17.076555   157 net.cpp:320] res2.2.conv2/bn needs backward computation.
I0625 18:29:17.076560   157 net.cpp:320] res2.2.conv2 needs backward computation.
I0625 18:29:17.076565   157 net.cpp:320] res2.2.conv1/relu needs backward computation.
I0625 18:29:17.076567   157 net.cpp:320] res2.2.conv1/bn needs backward computation.
I0625 18:29:17.076576   157 net.cpp:320] res2.2.conv1 needs backward computation.
I0625 18:29:17.076581   157 net.cpp:320] res2.1.sum_res2.1.relu_0_split needs backward computation.
I0625 18:29:17.076586   157 net.cpp:320] res2.1.relu needs backward computation.
I0625 18:29:17.076587   157 net.cpp:320] res2.1.sum needs backward computation.
I0625 18:29:17.076591   157 net.cpp:320] res2.1.skipConv/bn needs backward computation.
I0625 18:29:17.076596   157 net.cpp:320] res2.1.skipConv needs backward computation.
I0625 18:29:17.076601   157 net.cpp:320] res2.1.conv3/bn needs backward computation.
I0625 18:29:17.076604   157 net.cpp:320] res2.1.conv3 needs backward computation.
I0625 18:29:17.076609   157 net.cpp:320] res2.1.conv2/relu needs backward computation.
I0625 18:29:17.076612   157 net.cpp:320] res2.1.conv2/bn needs backward computation.
I0625 18:29:17.076617   157 net.cpp:320] res2.1.conv2 needs backward computation.
I0625 18:29:17.076620   157 net.cpp:320] res2.1.conv1/relu needs backward computation.
I0625 18:29:17.076625   157 net.cpp:320] res2.1.conv1/bn needs backward computation.
I0625 18:29:17.076629   157 net.cpp:320] res2.1.conv1 needs backward computation.
I0625 18:29:17.076633   157 net.cpp:320] pool1_pool1_0_split needs backward computation.
I0625 18:29:17.076637   157 net.cpp:320] pool1 needs backward computation.
I0625 18:29:17.076640   157 net.cpp:320] conv1/relu needs backward computation.
I0625 18:29:17.076645   157 net.cpp:320] conv1/bn needs backward computation.
I0625 18:29:17.076649   157 net.cpp:320] conv1 needs backward computation.
I0625 18:29:17.076653   157 net.cpp:322] label_data_1_split does not need backward computation.
I0625 18:29:17.076658   157 net.cpp:322] data does not need backward computation.
I0625 18:29:17.076661   157 net.cpp:364] This network produces output accuracy/top-1
I0625 18:29:17.076665   157 net.cpp:364] This network produces output accuracy/top-5
I0625 18:29:17.076678   157 net.cpp:364] This network produces output loss
I0625 18:29:17.076923   157 net.cpp:386] Top memory (TEST) required for data: 346013696 diff: 8
I0625 18:29:17.076931   157 net.cpp:389] Bottom memory (TEST) required for data: 346013696 diff: 346013696
I0625 18:29:17.076936   157 net.cpp:392] Shared (in-place) memory (TEST) by data: 88309760 diff: 88309760
I0625 18:29:17.076937   157 net.cpp:395] Parameters memory (TEST) required for data: 94245032 diff: 94245032
I0625 18:29:17.076941   157 net.cpp:398] Parameters shared memory (TEST) by data: 0 diff: 0
I0625 18:29:17.076943   157 net.cpp:404] Network initialization done.
I0625 18:29:17.077512   157 solver.cpp:56] Solver scaffolding done.
libibverbs: Warning: couldn't open config directory '/etc/libibverbs.d'.
libibverbs: Warning: no userspace device-specific driver found for /sys/class/infiniband_verbs/uverbs3
libibverbs: Warning: no userspace device-specific driver found for /sys/class/infiniband_verbs/uverbs2
libibverbs: Warning: no userspace device-specific driver found for /sys/class/infiniband_verbs/uverbs1
libibverbs: Warning: no userspace device-specific driver found for /sys/class/infiniband_verbs/uverbs0
I0625 18:29:17.182308   157 parallel.cpp:106] [0 - 0] P2pSync adding callback
I0625 18:29:17.182323   157 parallel.cpp:106] [1 - 1] P2pSync adding callback
I0625 18:29:17.182327   157 parallel.cpp:106] [2 - 2] P2pSync adding callback
I0625 18:29:17.182337   157 parallel.cpp:106] [3 - 3] P2pSync adding callback
I0625 18:29:17.182340   157 parallel.cpp:106] [4 - 4] P2pSync adding callback
I0625 18:29:17.182345   157 parallel.cpp:106] [5 - 5] P2pSync adding callback
I0625 18:29:17.182350   157 parallel.cpp:106] [6 - 6] P2pSync adding callback
I0625 18:29:17.182483   157 parallel.cpp:106] [7 - 7] P2pSync adding callback
I0625 18:29:17.182531   157 parallel.cpp:59] Starting Optimization
I0625 18:29:17.182538   157 internal_thread.cpp:19] Starting 1 internal thread(s) on device 0
I0625 18:29:17.182649   157 internal_thread.cpp:19] Starting 1 internal thread(s) on device 1
I0625 18:29:17.182792   157 internal_thread.cpp:19] Starting 1 internal thread(s) on device 2
I0625 18:29:17.182881   157 internal_thread.cpp:19] Starting 1 internal thread(s) on device 3
I0625 18:29:17.182981   157 internal_thread.cpp:19] Starting 1 internal thread(s) on device 4
I0625 18:29:17.183127   157 internal_thread.cpp:19] Starting 1 internal thread(s) on device 5
I0625 18:29:17.183184   157 internal_thread.cpp:19] Starting 1 internal thread(s) on device 6
I0625 18:29:17.183246   157 internal_thread.cpp:19] Starting 1 internal thread(s) on device 7
I0625 18:29:17.183974   173 device_alternate.hpp:116] NVML initialized on thread 140187531212544
Unexpected end of /proc/mounts line `overlay / overlay rw,relatime,lowerdir=/var/lib/docker/overlay2/l/V5A2NBUMHG6DSEOH5UNFXND7W3:/var/lib/docker/overlay2/l/R67O5DICXWVKFQBYTY34LFRD2K:/var/lib/docker/overlay2/l/RYK4JSODGREEPJZVP54ANQ2SUA:/var/lib/docker/overlay2/l/KJ5MRJPVOD7KCVVBVYCNMCD37B:/var/lib/docker/overlay2/l/OQAE54SQAUWDXRFJIF5NNCU5KB:/var/lib/docker/overlay2/l/PPNLVBBEP7JI75SXLOB6XP72T5:/var/lib/docker/overlay2/l/VRY7VV4MCD2QVWMXSOBQJIJQNB:/var/lib/docker/overlay2/l/CEWJEGEX4YH742TK7ARSAJBYFU:/var/lib/docker/overlay2/l/WK77KPBHTM4NZ'
Unexpected end of /proc/mounts line `7HVGWC5YRECCV:/var/lib/docker/overlay2/l/TXAVZZGTYIMEBTR7Z7MIAYBLTL:/var/lib/docker/overlay2/l/B5XVH2YHRW246XUBMWT6LSJHV7:/var/lib/docker/overlay2/l/2G2PHNHLD4F2E45BMWBQ4DVD23:/var/lib/docker/overlay2/l/SPIYAUI47I45URUMBUF7JN6BQM:/var/lib/docker/overlay2/l/TKSE2THRCL2C3ATXKKA4QNKFK2:/var/lib/docker/overlay2/l/AGKPWUEI76YMF2BJYVGY6ALPUF:/var/lib/docker/overlay2/l/S3XKCMMAA3XTTATDM4IXQGTFNO:/var/lib/docker/overlay2/l/DCLJ3HBS47CJGFX7H2WCOKLQUE:/var/lib/docker/overlay2/l/NII2HH3P2KCP6WXFRDKOJZPMDJ:/var/lib/do'
Unexpected end of /proc/mounts line `cker/overlay2/l/K76FTTBNU5CODVF7WCROGL2D4K:/var/lib/docker/overlay2/l/K52ZGQ224YE7NDSRCCGCK6ZK6C:/var/lib/docker/overlay2/l/GKC2WDWG6FM6ISYJ4HXXGBHYLU:/var/lib/docker/overlay2/l/LOO6JHUYDRBFUOQMTYRLLC5GOT:/var/lib/docker/overlay2/l/Y6JKEPBFPNUZQSXYD5CMZ4STL2:/var/lib/docker/overlay2/l/7UQRVYYCTACBAANI4PQ53DGZDE:/var/lib/docker/overlay2/l/SYMVEMVMYT3J3NMZO2XWSLHP2T:/var/lib/docker/overlay2/l/RMV6A7DH2WQP6OOEQIWQLTCOPK:/var/lib/docker/overlay2/l/44PVA3ZYIMK3QTX4S437U7ETL2:/var/lib/docker/overlay2/l/VKLXIEQUK'
I0625 18:29:17.221079   173 common.cpp:563] NVML succeeded to set CPU affinity on device 0
I0625 18:29:17.221173   175 device_alternate.hpp:116] NVML initialized on thread 140187262768896
I0625 18:29:17.223340   175 common.cpp:563] NVML succeeded to set CPU affinity on device 2
I0625 18:29:17.223438   174 device_alternate.hpp:116] NVML initialized on thread 140187329881856
I0625 18:29:17.225320   174 common.cpp:563] NVML succeeded to set CPU affinity on device 1
I0625 18:29:17.225395   176 device_alternate.hpp:116] NVML initialized on thread 140186927232768
I0625 18:29:17.226712   176 common.cpp:563] NVML succeeded to set CPU affinity on device 3
I0625 18:29:17.226807   177 device_alternate.hpp:116] NVML initialized on thread 140186860119808
I0625 18:29:17.228318   177 common.cpp:563] NVML succeeded to set CPU affinity on device 4
I0625 18:29:17.228413   178 device_alternate.hpp:116] NVML initialized on thread 140186524579584
I0625 18:29:17.229866   178 common.cpp:563] NVML succeeded to set CPU affinity on device 5
I0625 18:29:17.229920   179 device_alternate.hpp:116] NVML initialized on thread 140186457466624
I0625 18:29:17.231678   179 common.cpp:563] NVML succeeded to set CPU affinity on device 6
I0625 18:29:17.231770   180 device_alternate.hpp:116] NVML initialized on thread 140186256144128
I0625 18:29:17.233469   180 common.cpp:563] NVML succeeded to set CPU affinity on device 7
I0625 18:29:17.236783   175 solver.cpp:42] Solver data type: FLOAT
I0625 18:29:17.241823   175 net.cpp:106] Using FLOAT as default forward math type
I0625 18:29:17.241835   175 net.cpp:112] Using FLOAT as default backward math type
I0625 18:29:17.249001   174 solver.cpp:42] Solver data type: FLOAT
I0625 18:29:17.254230   174 net.cpp:106] Using FLOAT as default forward math type
I0625 18:29:17.254242   174 net.cpp:112] Using FLOAT as default backward math type
I0625 18:29:17.263109   176 solver.cpp:42] Solver data type: FLOAT
I0625 18:29:17.264154   175 data_reader.cpp:52] Sample Data Reader threads: 1, out queues: 1, depth: 32
I0625 18:29:17.264209   175 internal_thread.cpp:19] Starting 1 internal thread(s) on device 2
I0625 18:29:17.269413   176 net.cpp:106] Using FLOAT as default forward math type
I0625 18:29:17.269424   176 net.cpp:112] Using FLOAT as default backward math type
I0625 18:29:17.279026   177 solver.cpp:42] Solver data type: FLOAT
I0625 18:29:17.280212   174 data_reader.cpp:52] Sample Data Reader threads: 1, out queues: 1, depth: 32
I0625 18:29:17.280231   174 internal_thread.cpp:19] Starting 1 internal thread(s) on device 1
I0625 18:29:17.284559   177 net.cpp:106] Using FLOAT as default forward math type
I0625 18:29:17.284571   177 net.cpp:112] Using FLOAT as default backward math type
I0625 18:29:17.293773   178 solver.cpp:42] Solver data type: FLOAT
I0625 18:29:17.294837   176 data_reader.cpp:52] Sample Data Reader threads: 1, out queues: 1, depth: 32
I0625 18:29:17.294857   176 internal_thread.cpp:19] Starting 1 internal thread(s) on device 3
I0625 18:29:17.299206   178 net.cpp:106] Using FLOAT as default forward math type
I0625 18:29:17.299219   178 net.cpp:112] Using FLOAT as default backward math type
I0625 18:29:17.308153   179 solver.cpp:42] Solver data type: FLOAT
I0625 18:29:17.310119   177 data_reader.cpp:52] Sample Data Reader threads: 1, out queues: 1, depth: 32
I0625 18:29:17.310160   177 internal_thread.cpp:19] Starting 1 internal thread(s) on device 4
I0625 18:29:17.313447   179 net.cpp:106] Using FLOAT as default forward math type
I0625 18:29:17.313460   179 net.cpp:112] Using FLOAT as default backward math type
I0625 18:29:17.322749   180 solver.cpp:42] Solver data type: FLOAT
I0625 18:29:17.325379   181 db_lmdb.cpp:35] Opened lmdb /data/imagenet/train-lmdb-uncompressed-256x256
I0625 18:29:17.325830   178 data_reader.cpp:52] Sample Data Reader threads: 1, out queues: 1, depth: 32
I0625 18:29:17.325856   178 internal_thread.cpp:19] Starting 1 internal thread(s) on device 5
I0625 18:29:17.327241   182 db_lmdb.cpp:35] Opened lmdb /data/imagenet/train-lmdb-uncompressed-256x256
I0625 18:29:17.328085   175 data_layer.cpp:188] ReshapePrefetch 32, 3, 224, 224
I0625 18:29:17.328270   174 data_layer.cpp:188] ReshapePrefetch 32, 3, 224, 224
I0625 18:29:17.328513   183 db_lmdb.cpp:35] Opened lmdb /data/imagenet/train-lmdb-uncompressed-256x256
I0625 18:29:17.329535   180 net.cpp:106] Using FLOAT as default forward math type
I0625 18:29:17.329548   180 net.cpp:112] Using FLOAT as default backward math type
I0625 18:29:17.331074   184 db_lmdb.cpp:35] Opened lmdb /data/imagenet/train-lmdb-uncompressed-256x256
I0625 18:29:17.333792   185 db_lmdb.cpp:35] Opened lmdb /data/imagenet/train-lmdb-uncompressed-256x256
I0625 18:29:17.334331   176 data_layer.cpp:188] ReshapePrefetch 32, 3, 224, 224
I0625 18:29:17.334682   177 data_layer.cpp:188] ReshapePrefetch 32, 3, 224, 224
I0625 18:29:17.335798   179 data_reader.cpp:52] Sample Data Reader threads: 1, out queues: 1, depth: 32
I0625 18:29:17.335819   179 internal_thread.cpp:19] Starting 1 internal thread(s) on device 6
I0625 18:29:17.338205   186 db_lmdb.cpp:35] Opened lmdb /data/imagenet/train-lmdb-uncompressed-256x256
I0625 18:29:17.340466   178 data_layer.cpp:188] ReshapePrefetch 32, 3, 224, 224
I0625 18:29:17.341271   179 data_layer.cpp:188] ReshapePrefetch 32, 3, 224, 224
I0625 18:29:17.343658   175 data_layer.cpp:206] Output data size: 32, 3, 224, 224
I0625 18:29:17.343672   175 internal_thread.cpp:19] Starting 1 internal thread(s) on device 2
I0625 18:29:17.343869   174 data_layer.cpp:206] Output data size: 32, 3, 224, 224
I0625 18:29:17.343896   174 internal_thread.cpp:19] Starting 1 internal thread(s) on device 1
I0625 18:29:17.345049   179 data_layer.cpp:206] Output data size: 32, 3, 224, 224
I0625 18:29:17.345064   179 internal_thread.cpp:19] Starting 1 internal thread(s) on device 6
I0625 18:29:17.345600   176 data_layer.cpp:206] Output data size: 32, 3, 224, 224
I0625 18:29:17.345631   176 internal_thread.cpp:19] Starting 1 internal thread(s) on device 3
I0625 18:29:17.345893   177 data_layer.cpp:206] Output data size: 32, 3, 224, 224
I0625 18:29:17.345924   177 internal_thread.cpp:19] Starting 1 internal thread(s) on device 4
I0625 18:29:17.346575   178 data_layer.cpp:206] Output data size: 32, 3, 224, 224
I0625 18:29:17.346590   178 internal_thread.cpp:19] Starting 1 internal thread(s) on device 5
I0625 18:29:17.347798   180 data_reader.cpp:52] Sample Data Reader threads: 1, out queues: 1, depth: 32
I0625 18:29:17.347820   180 internal_thread.cpp:19] Starting 1 internal thread(s) on device 7
I0625 18:29:17.353828   193 db_lmdb.cpp:35] Opened lmdb /data/imagenet/train-lmdb-uncompressed-256x256
I0625 18:29:17.365222   180 data_layer.cpp:188] ReshapePrefetch 32, 3, 224, 224
I0625 18:29:17.379511   180 data_layer.cpp:206] Output data size: 32, 3, 224, 224
I0625 18:29:17.379542   180 internal_thread.cpp:19] Starting 1 internal thread(s) on device 7
I0625 18:29:19.165187   174 cudnn_conv_layer.cpp:833] [1] Conv Algos (F,BD,BF): 'conv1' with space 0.01G/1 1 0 3  (limit 16.4G, req 0G)
I0625 18:29:19.628033   176 cudnn_conv_layer.cpp:833] [3] Conv Algos (F,BD,BF): 'conv1' with space 0.01G/1 1 0 3  (limit 16.4G, req 0G)
I0625 18:29:19.689971   175 cudnn_conv_layer.cpp:833] [2] Conv Algos (F,BD,BF): 'conv1' with space 0.01G/1 1 0 3  (limit 16.4G, req 0G)
I0625 18:29:19.746301   177 cudnn_conv_layer.cpp:833] [4] Conv Algos (F,BD,BF): 'conv1' with space 0.01G/1 1 0 3  (limit 16.4G, req 0G)
I0625 18:29:19.836297   178 cudnn_conv_layer.cpp:833] [5] Conv Algos (F,BD,BF): 'conv1' with space 0.01G/1 1 0 3  (limit 16.4G, req 0G)
I0625 18:29:19.867799   179 cudnn_conv_layer.cpp:833] [6] Conv Algos (F,BD,BF): 'conv1' with space 0.01G/1 1 0 3  (limit 16.4G, req 0G)
I0625 18:29:19.881021   174 cudnn_conv_layer.cpp:833] [1] Conv Algos (F,BD,BF): 'res2.1.conv1' with space 0.01G/1 1 1 0  (limit 16.29G, req 0G)
I0625 18:29:19.904780   176 cudnn_conv_layer.cpp:833] [3] Conv Algos (F,BD,BF): 'res2.1.conv1' with space 0.01G/1 1 1 3  (limit 16.29G, req 0G)
I0625 18:29:19.916036   180 cudnn_conv_layer.cpp:833] [7] Conv Algos (F,BD,BF): 'conv1' with space 0.01G/1 1 0 3  (limit 16.4G, req 0G)
I0625 18:29:19.932788   175 cudnn_conv_layer.cpp:833] [2] Conv Algos (F,BD,BF): 'res2.1.conv1' with space 0.01G/1 1 1 3  (limit 16.29G, req 0G)
I0625 18:29:19.955502   177 cudnn_conv_layer.cpp:833] [4] Conv Algos (F,BD,BF): 'res2.1.conv1' with space 0.01G/1 1 1 3  (limit 16.29G, req 0G)
I0625 18:29:19.967705   178 cudnn_conv_layer.cpp:833] [5] Conv Algos (F,BD,BF): 'res2.1.conv1' with space 0.01G/1 1 1 3  (limit 16.29G, req 0G)
I0625 18:29:19.988508   179 cudnn_conv_layer.cpp:833] [6] Conv Algos (F,BD,BF): 'res2.1.conv1' with space 0.01G/1 1 1 3  (limit 16.29G, req 0G)
I0625 18:29:20.032366   174 cudnn_conv_layer.cpp:833] [1] Conv Algos (F,BD,BF): 'res2.1.conv2' with space 0.01G/1 6 4 3  (limit 16.18G, req 0G)
I0625 18:29:20.042531   180 cudnn_conv_layer.cpp:833] [7] Conv Algos (F,BD,BF): 'res2.1.conv1' with space 0.01G/1 1 1 3  (limit 16.29G, req 0G)
I0625 18:29:20.061781   175 cudnn_conv_layer.cpp:833] [2] Conv Algos (F,BD,BF): 'res2.1.conv2' with space 0.01G/1 6 4 3  (limit 16.18G, req 0G)
I0625 18:29:20.062381   176 cudnn_conv_layer.cpp:833] [3] Conv Algos (F,BD,BF): 'res2.1.conv2' with space 0.01G/1 6 4 3  (limit 16.18G, req 0G)
I0625 18:29:20.109028   177 cudnn_conv_layer.cpp:833] [4] Conv Algos (F,BD,BF): 'res2.1.conv2' with space 0.01G/1 6 4 3  (limit 16.18G, req 0G)
I0625 18:29:20.109905   178 cudnn_conv_layer.cpp:833] [5] Conv Algos (F,BD,BF): 'res2.1.conv2' with space 0.01G/1 6 4 3  (limit 16.18G, req 0G)
I0625 18:29:20.119714   179 cudnn_conv_layer.cpp:833] [6] Conv Algos (F,BD,BF): 'res2.1.conv2' with space 0.01G/1 6 4 3  (limit 16.18G, req 0G)
I0625 18:29:20.143395   180 cudnn_conv_layer.cpp:833] [7] Conv Algos (F,BD,BF): 'res2.1.conv2' with space 0.01G/1 6 4 3  (limit 16.18G, req 0G)
I0625 18:29:20.146915   176 cudnn_conv_layer.cpp:833] [3] Conv Algos (F,BD,BF): 'res2.1.conv3' with space 0.01G/1 1 1 3  (limit 15.92G, req 0G)
I0625 18:29:20.147394   174 cudnn_conv_layer.cpp:833] [1] Conv Algos (F,BD,BF): 'res2.1.conv3' with space 0.01G/1 1 1 3  (limit 15.92G, req 0G)
I0625 18:29:20.154170   175 cudnn_conv_layer.cpp:833] [2] Conv Algos (F,BD,BF): 'res2.1.conv3' with space 0.01G/1 1 1 3  (limit 15.92G, req 0G)
I0625 18:29:20.180349   178 cudnn_conv_layer.cpp:833] [5] Conv Algos (F,BD,BF): 'res2.1.conv3' with space 0.01G/1 1 1 3  (limit 15.92G, req 0G)
I0625 18:29:20.183670   177 cudnn_conv_layer.cpp:833] [4] Conv Algos (F,BD,BF): 'res2.1.conv3' with space 0.01G/1 1 1 3  (limit 15.92G, req 0G)
I0625 18:29:20.195837   179 cudnn_conv_layer.cpp:833] [6] Conv Algos (F,BD,BF): 'res2.1.conv3' with space 0.01G/1 1 1 3  (limit 15.92G, req 0G)
I0625 18:29:20.227846   175 cudnn_conv_layer.cpp:833] [2] Conv Algos (F,BD,BF): 'res2.1.skipConv' with space 0.01G/1 1 1 3  (limit 15.66G, req 0G)
I0625 18:29:20.234431   176 cudnn_conv_layer.cpp:833] [3] Conv Algos (F,BD,BF): 'res2.1.skipConv' with space 0.01G/1 1 1 3  (limit 15.66G, req 0G)
I0625 18:29:20.243878   174 cudnn_conv_layer.cpp:833] [1] Conv Algos (F,BD,BF): 'res2.1.skipConv' with space 0.01G/1 1 1 3  (limit 15.66G, req 0G)
I0625 18:29:20.245944   180 cudnn_conv_layer.cpp:833] [7] Conv Algos (F,BD,BF): 'res2.1.conv3' with space 0.01G/1 1 1 3  (limit 15.92G, req 0G)
I0625 18:29:20.273407   178 cudnn_conv_layer.cpp:833] [5] Conv Algos (F,BD,BF): 'res2.1.skipConv' with space 0.01G/1 1 1 3  (limit 15.66G, req 0G)
I0625 18:29:20.281747   179 cudnn_conv_layer.cpp:833] [6] Conv Algos (F,BD,BF): 'res2.1.skipConv' with space 0.01G/1 1 1 3  (limit 15.66G, req 0G)
I0625 18:29:20.285213   177 cudnn_conv_layer.cpp:833] [4] Conv Algos (F,BD,BF): 'res2.1.skipConv' with space 0.01G/1 1 1 3  (limit 15.66G, req 0G)
I0625 18:29:20.340361   180 cudnn_conv_layer.cpp:833] [7] Conv Algos (F,BD,BF): 'res2.1.skipConv' with space 0.01G/1 1 1 3  (limit 15.66G, req 0G)
I0625 18:29:20.343951   175 cudnn_conv_layer.cpp:833] [2] Conv Algos (F,BD,BF): 'res2.2.conv1' with space 0.01G/1 1 1 3  (limit 15.09G, req 0G)
I0625 18:29:20.349292   176 cudnn_conv_layer.cpp:833] [3] Conv Algos (F,BD,BF): 'res2.2.conv1' with space 0.01G/1 1 1 3  (limit 15.09G, req 0G)
I0625 18:29:20.372532   174 cudnn_conv_layer.cpp:833] [1] Conv Algos (F,BD,BF): 'res2.2.conv1' with space 0.01G/1 1 1 3  (limit 15.09G, req 0G)
I0625 18:29:20.397847   178 cudnn_conv_layer.cpp:833] [5] Conv Algos (F,BD,BF): 'res2.2.conv1' with space 0.01G/1 1 1 3  (limit 15.09G, req 0G)
I0625 18:29:20.400696   179 cudnn_conv_layer.cpp:833] [6] Conv Algos (F,BD,BF): 'res2.2.conv1' with space 0.01G/1 1 1 3  (limit 15.09G, req 0G)
I0625 18:29:20.410979   177 cudnn_conv_layer.cpp:833] [4] Conv Algos (F,BD,BF): 'res2.2.conv1' with space 0.01G/1 1 1 3  (limit 15.09G, req 0G)
I0625 18:29:20.438611   176 cudnn_conv_layer.cpp:833] [3] Conv Algos (F,BD,BF): 'res2.2.conv2' with space 0.01G/1 6 4 3  (limit 14.98G, req 0G)
I0625 18:29:20.447329   175 cudnn_conv_layer.cpp:833] [2] Conv Algos (F,BD,BF): 'res2.2.conv2' with space 0.01G/1 6 4 3  (limit 14.98G, req 0G)
I0625 18:29:20.448261   180 cudnn_conv_layer.cpp:833] [7] Conv Algos (F,BD,BF): 'res2.2.conv1' with space 0.01G/1 1 1 3  (limit 15.09G, req 0G)
I0625 18:29:20.464735   174 cudnn_conv_layer.cpp:833] [1] Conv Algos (F,BD,BF): 'res2.2.conv2' with space 0.01G/1 6 4 3  (limit 14.98G, req 0G)
I0625 18:29:20.494019   179 cudnn_conv_layer.cpp:833] [6] Conv Algos (F,BD,BF): 'res2.2.conv2' with space 0.01G/1 6 4 3  (limit 14.98G, req 0G)
I0625 18:29:20.496156   178 cudnn_conv_layer.cpp:833] [5] Conv Algos (F,BD,BF): 'res2.2.conv2' with space 0.01G/1 6 4 3  (limit 14.98G, req 0G)
I0625 18:29:20.505604   177 cudnn_conv_layer.cpp:833] [4] Conv Algos (F,BD,BF): 'res2.2.conv2' with space 0.01G/1 6 4 3  (limit 14.98G, req 0G)
I0625 18:29:20.512562   176 cudnn_conv_layer.cpp:833] [3] Conv Algos (F,BD,BF): 'res2.2.conv3' with space 0.01G/1 1 1 3  (limit 14.72G, req 0G)
I0625 18:29:20.537695   175 cudnn_conv_layer.cpp:833] [2] Conv Algos (F,BD,BF): 'res2.2.conv3' with space 0.01G/1 1 1 3  (limit 14.72G, req 0G)
I0625 18:29:20.545512   174 cudnn_conv_layer.cpp:833] [1] Conv Algos (F,BD,BF): 'res2.2.conv3' with space 0.01G/1 1 1 0  (limit 14.72G, req 0G)
I0625 18:29:20.554409   180 cudnn_conv_layer.cpp:833] [7] Conv Algos (F,BD,BF): 'res2.2.conv2' with space 0.01G/1 6 4 3  (limit 14.98G, req 0G)
I0625 18:29:20.587041   179 cudnn_conv_layer.cpp:833] [6] Conv Algos (F,BD,BF): 'res2.2.conv3' with space 0.01G/1 1 1 3  (limit 14.72G, req 0G)
I0625 18:29:20.589283   178 cudnn_conv_layer.cpp:833] [5] Conv Algos (F,BD,BF): 'res2.2.conv3' with space 0.01G/1 1 1 3  (limit 14.72G, req 0G)
I0625 18:29:20.601572   177 cudnn_conv_layer.cpp:833] [4] Conv Algos (F,BD,BF): 'res2.2.conv3' with space 0.01G/1 1 1 3  (limit 14.72G, req 0G)
I0625 18:29:20.618088   176 cudnn_conv_layer.cpp:833] [3] Conv Algos (F,BD,BF): 'res2.3.conv1' with space 0.01G/1 1 1 3  (limit 14.16G, req 0G)
I0625 18:29:20.648746   175 cudnn_conv_layer.cpp:833] [2] Conv Algos (F,BD,BF): 'res2.3.conv1' with space 0.01G/1 1 1 3  (limit 14.16G, req 0G)
I0625 18:29:20.653695   174 cudnn_conv_layer.cpp:833] [1] Conv Algos (F,BD,BF): 'res2.3.conv1' with space 0.01G/1 1 1 3  (limit 14.16G, req 0G)
I0625 18:29:20.655958   180 cudnn_conv_layer.cpp:833] [7] Conv Algos (F,BD,BF): 'res2.2.conv3' with space 0.01G/1 1 1 3  (limit 14.72G, req 0G)
I0625 18:29:20.699183   178 cudnn_conv_layer.cpp:833] [5] Conv Algos (F,BD,BF): 'res2.3.conv1' with space 0.01G/1 1 1 3  (limit 14.16G, req 0G)
I0625 18:29:20.703199   179 cudnn_conv_layer.cpp:833] [6] Conv Algos (F,BD,BF): 'res2.3.conv1' with space 0.01G/1 1 1 3  (limit 14.16G, req 0G)
I0625 18:29:20.713026   177 cudnn_conv_layer.cpp:833] [4] Conv Algos (F,BD,BF): 'res2.3.conv1' with space 0.01G/1 1 1 3  (limit 14.16G, req 0G)
I0625 18:29:20.736774   176 cudnn_conv_layer.cpp:833] [3] Conv Algos (F,BD,BF): 'res2.3.conv2' with space 0.01G/1 6 4 3  (limit 14.05G, req 0G)
I0625 18:29:20.748572   175 cudnn_conv_layer.cpp:833] [2] Conv Algos (F,BD,BF): 'res2.3.conv2' with space 0.01G/1 6 4 3  (limit 14.05G, req 0G)
I0625 18:29:20.760109   174 cudnn_conv_layer.cpp:833] [1] Conv Algos (F,BD,BF): 'res2.3.conv2' with space 0.01G/1 6 4 3  (limit 14.05G, req 0G)
I0625 18:29:20.765833   180 cudnn_conv_layer.cpp:833] [7] Conv Algos (F,BD,BF): 'res2.3.conv1' with space 0.01G/1 1 1 3  (limit 14.16G, req 0G)
I0625 18:29:20.789407   178 cudnn_conv_layer.cpp:833] [5] Conv Algos (F,BD,BF): 'res2.3.conv2' with space 0.01G/1 6 4 3  (limit 14.05G, req 0G)
I0625 18:29:20.804286   179 cudnn_conv_layer.cpp:833] [6] Conv Algos (F,BD,BF): 'res2.3.conv2' with space 0.01G/1 6 4 3  (limit 14.05G, req 0G)
I0625 18:29:20.805131   177 cudnn_conv_layer.cpp:833] [4] Conv Algos (F,BD,BF): 'res2.3.conv2' with space 0.01G/1 6 4 3  (limit 14.05G, req 0G)
I0625 18:29:20.829283   176 cudnn_conv_layer.cpp:833] [3] Conv Algos (F,BD,BF): 'res2.3.conv3' with space 0.01G/1 1 1 3  (limit 13.79G, req 0G)
I0625 18:29:20.831120   175 cudnn_conv_layer.cpp:833] [2] Conv Algos (F,BD,BF): 'res2.3.conv3' with space 0.01G/1 1 1 3  (limit 13.79G, req 0G)
I0625 18:29:20.843740   174 cudnn_conv_layer.cpp:833] [1] Conv Algos (F,BD,BF): 'res2.3.conv3' with space 0.01G/1 1 1 3  (limit 13.79G, req 0G)
I0625 18:29:20.869532   180 cudnn_conv_layer.cpp:833] [7] Conv Algos (F,BD,BF): 'res2.3.conv2' with space 0.01G/1 6 4 3  (limit 14.05G, req 0G)
I0625 18:29:20.884147   178 cudnn_conv_layer.cpp:833] [5] Conv Algos (F,BD,BF): 'res2.3.conv3' with space 0.01G/1 1 1 3  (limit 13.79G, req 0G)
I0625 18:29:20.890293   179 cudnn_conv_layer.cpp:833] [6] Conv Algos (F,BD,BF): 'res2.3.conv3' with space 0.01G/1 1 1 3  (limit 13.79G, req 0G)
I0625 18:29:20.900588   177 cudnn_conv_layer.cpp:833] [4] Conv Algos (F,BD,BF): 'res2.3.conv3' with space 0.01G/1 1 1 3  (limit 13.79G, req 0G)
I0625 18:29:20.924490   175 cudnn_conv_layer.cpp:833] [2] Conv Algos (F,BD,BF): 'res3.1.conv1' with space 0.01G/1 1 1 3  (limit 13.24G, req 0G)
I0625 18:29:20.929297   176 cudnn_conv_layer.cpp:833] [3] Conv Algos (F,BD,BF): 'res3.1.conv1' with space 0.01G/1 1 1 3  (limit 13.24G, req 0G)
I0625 18:29:20.943264   174 cudnn_conv_layer.cpp:833] [1] Conv Algos (F,BD,BF): 'res3.1.conv1' with space 0.01G/1 1 1 3  (limit 13.24G, req 0G)
I0625 18:29:20.985733   180 cudnn_conv_layer.cpp:833] [7] Conv Algos (F,BD,BF): 'res2.3.conv3' with space 0.01G/1 1 1 3  (limit 13.79G, req 0G)
I0625 18:29:21.000087   178 cudnn_conv_layer.cpp:833] [5] Conv Algos (F,BD,BF): 'res3.1.conv1' with space 0.01G/1 1 0 3  (limit 13.24G, req 0G)
I0625 18:29:21.010318   179 cudnn_conv_layer.cpp:833] [6] Conv Algos (F,BD,BF): 'res3.1.conv1' with space 0.01G/1 1 1 3  (limit 13.24G, req 0G)
I0625 18:29:21.023286   177 cudnn_conv_layer.cpp:833] [4] Conv Algos (F,BD,BF): 'res3.1.conv1' with space 0.01G/1 1 1 3  (limit 13.24G, req 0G)
I0625 18:29:21.042418   175 cudnn_conv_layer.cpp:833] [2] Conv Algos (F,BD,BF): 'res3.1.conv2' with space 0.01G/1 6 4 1  (limit 13.18G, req 0G)
I0625 18:29:21.051728   176 cudnn_conv_layer.cpp:833] [3] Conv Algos (F,BD,BF): 'res3.1.conv2' with space 0.01G/1 6 4 1  (limit 13.18G, req 0G)
I0625 18:29:21.059062   174 cudnn_conv_layer.cpp:833] [1] Conv Algos (F,BD,BF): 'res3.1.conv2' with space 0.01G/1 6 4 3  (limit 13.18G, req 0G)
I0625 18:29:21.103654   177 cudnn_conv_layer.cpp:833] [4] Conv Algos (F,BD,BF): 'res3.1.conv2' with space 0.01G/1 6 4 1  (limit 13.18G, req 0G)
I0625 18:29:21.104192   178 cudnn_conv_layer.cpp:833] [5] Conv Algos (F,BD,BF): 'res3.1.conv2' with space 0.01G/1 6 4 1  (limit 13.18G, req 0G)
I0625 18:29:21.105069   180 cudnn_conv_layer.cpp:833] [7] Conv Algos (F,BD,BF): 'res3.1.conv1' with space 0.01G/1 1 0 3  (limit 13.24G, req 0G)
I0625 18:29:21.117103   179 cudnn_conv_layer.cpp:833] [6] Conv Algos (F,BD,BF): 'res3.1.conv2' with space 0.01G/1 6 4 1  (limit 13.18G, req 0G)
I0625 18:29:21.134006   176 cudnn_conv_layer.cpp:833] [3] Conv Algos (F,BD,BF): 'res3.1.conv3' with space 0.01G/1 1 1 3  (limit 13.05G, req 0G)
I0625 18:29:21.134656   175 cudnn_conv_layer.cpp:833] [2] Conv Algos (F,BD,BF): 'res3.1.conv3' with space 0.01G/1 1 1 3  (limit 13.05G, req 0G)
I0625 18:29:21.147701   174 cudnn_conv_layer.cpp:833] [1] Conv Algos (F,BD,BF): 'res3.1.conv3' with space 0.01G/1 1 1 1  (limit 13.05G, req 0G)
I0625 18:29:21.192687   178 cudnn_conv_layer.cpp:833] [5] Conv Algos (F,BD,BF): 'res3.1.conv3' with space 0.01G/1 1 1 3  (limit 13.05G, req 0G)
I0625 18:29:21.200551   177 cudnn_conv_layer.cpp:833] [4] Conv Algos (F,BD,BF): 'res3.1.conv3' with space 0.01G/1 1 1 3  (limit 13.05G, req 0G)
I0625 18:29:21.206876   179 cudnn_conv_layer.cpp:833] [6] Conv Algos (F,BD,BF): 'res3.1.conv3' with space 0.01G/1 1 1 3  (limit 13.05G, req 0G)
I0625 18:29:21.224026   180 cudnn_conv_layer.cpp:833] [7] Conv Algos (F,BD,BF): 'res3.1.conv2' with space 0.01G/1 6 4 1  (limit 13.18G, req 0G)
I0625 18:29:21.231966   176 cudnn_conv_layer.cpp:833] [3] Conv Algos (F,BD,BF): 'res3.1.skipConv' with space 0.01G/1 1 1 3  (limit 12.74G, req 0G)
I0625 18:29:21.232695   175 cudnn_conv_layer.cpp:833] [2] Conv Algos (F,BD,BF): 'res3.1.skipConv' with space 0.01G/1 1 0 3  (limit 12.74G, req 0G)
I0625 18:29:21.247786   174 cudnn_conv_layer.cpp:833] [1] Conv Algos (F,BD,BF): 'res3.1.skipConv' with space 0.01G/1 1 0 3  (limit 12.74G, req 0G)
I0625 18:29:21.283006   179 cudnn_conv_layer.cpp:833] [6] Conv Algos (F,BD,BF): 'res3.1.skipConv' with space 0.01G/1 1 0 3  (limit 12.74G, req 0G)
I0625 18:29:21.294585   178 cudnn_conv_layer.cpp:833] [5] Conv Algos (F,BD,BF): 'res3.1.skipConv' with space 0.01G/1 1 1 1  (limit 12.74G, req 0G)
I0625 18:29:21.298663   177 cudnn_conv_layer.cpp:833] [4] Conv Algos (F,BD,BF): 'res3.1.skipConv' with space 0.01G/1 1 0 1  (limit 12.74G, req 0G)
I0625 18:29:21.322819   180 cudnn_conv_layer.cpp:833] [7] Conv Algos (F,BD,BF): 'res3.1.conv3' with space 0.01G/1 1 1 3  (limit 13.05G, req 0G)
I0625 18:29:21.327082   176 cudnn_conv_layer.cpp:833] [3] Conv Algos (F,BD,BF): 'res3.2.conv1' with space 0.01G/1 1 1 3  (limit 12.45G, req 0G)
I0625 18:29:21.341434   175 cudnn_conv_layer.cpp:833] [2] Conv Algos (F,BD,BF): 'res3.2.conv1' with space 0.01G/1 1 1 3  (limit 12.45G, req 0G)
I0625 18:29:21.348961   174 cudnn_conv_layer.cpp:833] [1] Conv Algos (F,BD,BF): 'res3.2.conv1' with space 0.01G/1 1 1 3  (limit 12.45G, req 0G)
I0625 18:29:21.394575   179 cudnn_conv_layer.cpp:833] [6] Conv Algos (F,BD,BF): 'res3.2.conv1' with space 0.01G/1 1 1 3  (limit 12.45G, req 0G)
I0625 18:29:21.419217   178 cudnn_conv_layer.cpp:833] [5] Conv Algos (F,BD,BF): 'res3.2.conv1' with space 0.01G/1 1 1 3  (limit 12.45G, req 0G)
I0625 18:29:21.427270   177 cudnn_conv_layer.cpp:833] [4] Conv Algos (F,BD,BF): 'res3.2.conv1' with space 0.01G/1 0 1 3  (limit 12.45G, req 0G)
I0625 18:29:21.453066   180 cudnn_conv_layer.cpp:833] [7] Conv Algos (F,BD,BF): 'res3.1.skipConv' with space 0.01G/1 1 0 3  (limit 12.74G, req 0G)
I0625 18:29:21.454295   176 cudnn_conv_layer.cpp:833] [3] Conv Algos (F,BD,BF): 'res3.2.conv2' with space 0.01G/1 6 4 1  (limit 12.39G, req 0G)
I0625 18:29:21.455427   175 cudnn_conv_layer.cpp:833] [2] Conv Algos (F,BD,BF): 'res3.2.conv2' with space 0.01G/1 6 4 1  (limit 12.39G, req 0G)
I0625 18:29:21.483973   174 cudnn_conv_layer.cpp:833] [1] Conv Algos (F,BD,BF): 'res3.2.conv2' with space 0.01G/1 6 4 1  (limit 12.39G, req 0G)
I0625 18:29:21.508579   179 cudnn_conv_layer.cpp:833] [6] Conv Algos (F,BD,BF): 'res3.2.conv2' with space 0.01G/1 6 4 1  (limit 12.39G, req 0G)
I0625 18:29:21.520295   178 cudnn_conv_layer.cpp:833] [5] Conv Algos (F,BD,BF): 'res3.2.conv2' with space 0.01G/1 6 4 1  (limit 12.39G, req 0G)
I0625 18:29:21.547330   176 cudnn_conv_layer.cpp:833] [3] Conv Algos (F,BD,BF): 'res3.2.conv3' with space 0.01G/1 1 1 3  (limit 12.25G, req 0G)
I0625 18:29:21.549913   177 cudnn_conv_layer.cpp:833] [4] Conv Algos (F,BD,BF): 'res3.2.conv2' with space 0.01G/1 6 4 1  (limit 12.39G, req 0G)
I0625 18:29:21.553201   175 cudnn_conv_layer.cpp:833] [2] Conv Algos (F,BD,BF): 'res3.2.conv3' with space 0.01G/1 1 1 3  (limit 12.25G, req 0G)
I0625 18:29:21.570960   180 cudnn_conv_layer.cpp:833] [7] Conv Algos (F,BD,BF): 'res3.2.conv1' with space 0.01G/1 1 1 3  (limit 12.45G, req 0G)
I0625 18:29:21.578322   174 cudnn_conv_layer.cpp:833] [1] Conv Algos (F,BD,BF): 'res3.2.conv3' with space 0.01G/1 1 1 3  (limit 12.25G, req 0G)
I0625 18:29:21.602972   179 cudnn_conv_layer.cpp:833] [6] Conv Algos (F,BD,BF): 'res3.2.conv3' with space 0.01G/1 1 1 3  (limit 12.25G, req 0G)
I0625 18:29:21.617166   178 cudnn_conv_layer.cpp:833] [5] Conv Algos (F,BD,BF): 'res3.2.conv3' with space 0.01G/1 1 1 3  (limit 12.25G, req 0G)
I0625 18:29:21.654137   177 cudnn_conv_layer.cpp:833] [4] Conv Algos (F,BD,BF): 'res3.2.conv3' with space 0.01G/1 1 1 3  (limit 12.25G, req 0G)
I0625 18:29:21.668128   175 cudnn_conv_layer.cpp:833] [2] Conv Algos (F,BD,BF): 'res3.3.conv1' with space 0.01G/1 0 1 3  (limit 11.96G, req 0G)
I0625 18:29:21.675067   176 cudnn_conv_layer.cpp:833] [3] Conv Algos (F,BD,BF): 'res3.3.conv1' with space 0.01G/1 1 1 3  (limit 11.96G, req 0G)
I0625 18:29:21.693917   180 cudnn_conv_layer.cpp:833] [7] Conv Algos (F,BD,BF): 'res3.2.conv2' with space 0.01G/1 6 4 3  (limit 12.39G, req 0G)
I0625 18:29:21.702258   174 cudnn_conv_layer.cpp:833] [1] Conv Algos (F,BD,BF): 'res3.3.conv1' with space 0.01G/1 1 1 3  (limit 11.96G, req 0G)
I0625 18:29:21.720062   179 cudnn_conv_layer.cpp:833] [6] Conv Algos (F,BD,BF): 'res3.3.conv1' with space 0.01G/1 1 1 3  (limit 11.96G, req 0G)
I0625 18:29:21.738807   178 cudnn_conv_layer.cpp:833] [5] Conv Algos (F,BD,BF): 'res3.3.conv1' with space 0.01G/1 1 1 3  (limit 11.96G, req 0G)
I0625 18:29:21.771859   177 cudnn_conv_layer.cpp:833] [4] Conv Algos (F,BD,BF): 'res3.3.conv1' with space 0.01G/1 1 1 3  (limit 11.96G, req 0G)
I0625 18:29:21.777925   175 cudnn_conv_layer.cpp:833] [2] Conv Algos (F,BD,BF): 'res3.3.conv2' with space 0.01G/1 6 4 1  (limit 11.9G, req 0G)
I0625 18:29:21.787642   176 cudnn_conv_layer.cpp:833] [3] Conv Algos (F,BD,BF): 'res3.3.conv2' with space 0.01G/1 6 4 1  (limit 11.9G, req 0G)
I0625 18:29:21.793648   180 cudnn_conv_layer.cpp:833] [7] Conv Algos (F,BD,BF): 'res3.2.conv3' with space 0.01G/1 1 1 3  (limit 12.25G, req 0G)
I0625 18:29:21.813521   174 cudnn_conv_layer.cpp:833] [1] Conv Algos (F,BD,BF): 'res3.3.conv2' with space 0.01G/1 6 4 3  (limit 11.9G, req 0G)
I0625 18:29:21.817508   179 cudnn_conv_layer.cpp:833] [6] Conv Algos (F,BD,BF): 'res3.3.conv2' with space 0.01G/1 6 4 1  (limit 11.9G, req 0G)
I0625 18:29:21.844455   178 cudnn_conv_layer.cpp:833] [5] Conv Algos (F,BD,BF): 'res3.3.conv2' with space 0.01G/1 6 4 1  (limit 11.9G, req 0G)
I0625 18:29:21.865749   177 cudnn_conv_layer.cpp:833] [4] Conv Algos (F,BD,BF): 'res3.3.conv2' with space 0.01G/1 6 4 3  (limit 11.9G, req 0G)
I0625 18:29:21.874830   176 cudnn_conv_layer.cpp:833] [3] Conv Algos (F,BD,BF): 'res3.3.conv3' with space 0.01G/1 1 1 3  (limit 11.77G, req 0G)
I0625 18:29:21.880303   175 cudnn_conv_layer.cpp:833] [2] Conv Algos (F,BD,BF): 'res3.3.conv3' with space 0.01G/1 1 1 3  (limit 11.77G, req 0G)
I0625 18:29:21.899852   180 cudnn_conv_layer.cpp:833] [7] Conv Algos (F,BD,BF): 'res3.3.conv1' with space 0.01G/1 1 1 3  (limit 11.96G, req 0G)
I0625 18:29:21.918565   179 cudnn_conv_layer.cpp:833] [6] Conv Algos (F,BD,BF): 'res3.3.conv3' with space 0.01G/1 1 1 3  (limit 11.77G, req 0G)
I0625 18:29:21.926196   174 cudnn_conv_layer.cpp:833] [1] Conv Algos (F,BD,BF): 'res3.3.conv3' with space 0.01G/1 1 1 3  (limit 11.77G, req 0G)
I0625 18:29:21.947156   178 cudnn_conv_layer.cpp:833] [5] Conv Algos (F,BD,BF): 'res3.3.conv3' with space 0.01G/1 1 1 3  (limit 11.77G, req 0G)
I0625 18:29:21.964072   177 cudnn_conv_layer.cpp:833] [4] Conv Algos (F,BD,BF): 'res3.3.conv3' with space 0.01G/1 1 1 3  (limit 11.77G, req 0G)
I0625 18:29:21.989130   176 cudnn_conv_layer.cpp:833] [3] Conv Algos (F,BD,BF): 'res3.4.conv1' with space 0.01G/1 1 1 3  (limit 11.48G, req 0G)
I0625 18:29:22.020570   175 cudnn_conv_layer.cpp:833] [2] Conv Algos (F,BD,BF): 'res3.4.conv1' with space 0.01G/1 1 1 3  (limit 11.48G, req 0G)
I0625 18:29:22.035404   180 cudnn_conv_layer.cpp:833] [7] Conv Algos (F,BD,BF): 'res3.3.conv2' with space 0.01G/1 6 4 1  (limit 11.9G, req 0G)
I0625 18:29:22.057917   174 cudnn_conv_layer.cpp:833] [1] Conv Algos (F,BD,BF): 'res3.4.conv1' with space 0.01G/1 1 0 3  (limit 11.48G, req 0G)
I0625 18:29:22.067663   179 cudnn_conv_layer.cpp:833] [6] Conv Algos (F,BD,BF): 'res3.4.conv1' with space 0.01G/1 1 1 3  (limit 11.48G, req 0G)
I0625 18:29:22.099201   177 cudnn_conv_layer.cpp:833] [4] Conv Algos (F,BD,BF): 'res3.4.conv1' with space 0.01G/1 1 1 3  (limit 11.48G, req 0G)
I0625 18:29:22.104102   178 cudnn_conv_layer.cpp:833] [5] Conv Algos (F,BD,BF): 'res3.4.conv1' with space 0.01G/1 1 1 3  (limit 11.48G, req 0G)
I0625 18:29:22.114280   176 cudnn_conv_layer.cpp:833] [3] Conv Algos (F,BD,BF): 'res3.4.conv2' with space 0.01G/1 6 4 3  (limit 11.42G, req 0G)
I0625 18:29:22.137310   175 cudnn_conv_layer.cpp:833] [2] Conv Algos (F,BD,BF): 'res3.4.conv2' with space 0.01G/1 6 4 3  (limit 11.42G, req 0G)
I0625 18:29:22.147131   180 cudnn_conv_layer.cpp:833] [7] Conv Algos (F,BD,BF): 'res3.3.conv3' with space 0.01G/1 1 1 3  (limit 11.77G, req 0G)
I0625 18:29:22.164620   174 cudnn_conv_layer.cpp:833] [1] Conv Algos (F,BD,BF): 'res3.4.conv2' with space 0.01G/1 6 4 1  (limit 11.42G, req 0G)
I0625 18:29:22.180200   179 cudnn_conv_layer.cpp:833] [6] Conv Algos (F,BD,BF): 'res3.4.conv2' with space 0.01G/1 6 4 1  (limit 11.42G, req 0G)
I0625 18:29:22.206141   178 cudnn_conv_layer.cpp:833] [5] Conv Algos (F,BD,BF): 'res3.4.conv2' with space 0.01G/1 6 4 1  (limit 11.42G, req 0G)
I0625 18:29:22.206725   177 cudnn_conv_layer.cpp:833] [4] Conv Algos (F,BD,BF): 'res3.4.conv2' with space 0.01G/1 6 4 1  (limit 11.42G, req 0G)
I0625 18:29:22.210518   176 cudnn_conv_layer.cpp:833] [3] Conv Algos (F,BD,BF): 'res3.4.conv3' with space 0.01G/1 1 1 3  (limit 11.28G, req 0G)
I0625 18:29:22.228230   175 cudnn_conv_layer.cpp:833] [2] Conv Algos (F,BD,BF): 'res3.4.conv3' with space 0.01G/1 1 1 3  (limit 11.28G, req 0G)
I0625 18:29:22.251996   180 cudnn_conv_layer.cpp:833] [7] Conv Algos (F,BD,BF): 'res3.4.conv1' with space 0.01G/1 1 1 3  (limit 11.48G, req 0G)
I0625 18:29:22.268684   174 cudnn_conv_layer.cpp:833] [1] Conv Algos (F,BD,BF): 'res3.4.conv3' with space 0.01G/1 1 1 3  (limit 11.28G, req 0G)
I0625 18:29:22.287441   179 cudnn_conv_layer.cpp:833] [6] Conv Algos (F,BD,BF): 'res3.4.conv3' with space 0.01G/1 1 1 3  (limit 11.28G, req 0G)
